3.140.84.221 - - [07/Mar/2021:06:45:05 +0000] "GET /?webarxts=%201615099504&WEBARX-UPLOAD-LOGS=f5f824cacbaedfde8c23d569467d9dc5ee7ce7ba&WEBARX_REFRESH_RULES=f5f824cacbaedfde8c23d569467d9dc5ee7ce7ba HTTP/1.1" 202 942 "-" "Mozilla/5.0 (Windows NT 10.0; Win64; x64; rv:84.0) Gecko/20100101 Firefox/84.0"
3.140.84.221 - - [07/Mar/2021:06:45:05 +0000] "GET /?webarxts=%201615099504&WEBARX-UPLOAD-LOGS=f5f824cacbaedfde8c23d569467d9dc5ee7ce7ba&WEBARX_REFRESH_RULES=f5f824cacbaedfde8c23d569467d9dc5ee7ce7ba&foobar=<script>alert(1)</script> HTTP/1.1" 202 942 "-" "Mozilla/5.0 (Windows NT 10.0; Win64; x64; rv:84.0) Gecko/20100101 Firefox/84.0"
3.140.84.221 - - [07/Mar/2021:06:45:05 +0000] "GET /path/to/image.jpeg HTTP/1.1" 202 942 "-" "Mozilla/5.0 (Windows NT 10.0; Win64; x64; rv:84.0) Gecko/20100101 Firefox/84.0"
3.140.84.221 - - [07/Mar/2021:06:45:06 +0000] "GET /?webarxts=%201615099505&WEBARX-UPLOAD-LOGS=f5f824cacbaedfde8c23d569467d9dc5ee7ce7ba&WEBARX_REFRESH_RULES=f5f824cacbaedfde8c23d569467d9dc5ee7ce7ba HTTP/1.1" 202 942 "-" "Mozilla/5.0 (Windows NT 10.0; Win64; x64; rv:84.0) Gecko/20100101 Firefox/84.0"
209.141.60.60 - - [07/Mar/2021:07:02:43 +0000] "GET /config/getuser?index=0 HTTP/1.1" 400 280 "-" "Mozilla/5.0 (X11; Ubuntu; Linux x86_64; rv:76.0) Gecko/20100101 Firefox/76.0"
54.213.205.144 - - [07/Mar/2021:07:03:49 +0000] "POST /botmatch/_doc HTTP/1.1" 200 32 "-" "BitFire WAF https://bitslip6.com/user_agent"
40.70.74.167 - - [07/Mar/2021:07:03:49 +0000] "POST / HTTP/1.1" 500 45 "-" "python-requests/2.25.1"
34.70.39.194 - - [07/Mar/2021:07:10:12 +0000] "GET / HTTP/1.1" 202 19084 "-" "Mozilla/5.0 (Windows NT 10.0; Win64; x64) AppleWebKit/537.36 (KHTML, like Gecko) Chrome/76.0.3809.132 Safari/537.36"
34.70.39.194 - - [07/Mar/2021:07:10:12 +0000] "GET / HTTP/1.1" 202 19084 "-" "Mozilla/5.0 (Windows NT 10.0; Win64; x64) AppleWebKit/537.36 (KHTML, like Gecko) Chrome/76.0.3809.132 Safari/537.36"
34.70.39.194 - - [07/Mar/2021:07:10:12 +0000] "GET /wp-includes/wlwmanifest.xml HTTP/1.1" 404 19115 "-" "Mozilla/5.0 (Windows NT 10.0; Win64; x64) AppleWebKit/537.36 (KHTML, like Gecko) Chrome/76.0.3809.132 Safari/537.36"
34.70.39.194 - - [07/Mar/2021:07:10:12 +0000] "GET /xmlrpc.php?rsd HTTP/1.1" 404 27 "-" "Mozilla/5.0 (Windows NT 10.0; Win64; x64) AppleWebKit/537.36 (KHTML, like Gecko) Chrome/76.0.3809.132 Safari/537.36"
34.70.39.194 - - [07/Mar/2021:07:10:12 +0000] "GET /wp-includes/wlwmanifest.xml HTTP/1.1" 404 19114 "-" "Mozilla/5.0 (Windows NT 10.0; Win64; x64) AppleWebKit/537.36 (KHTML, like Gecko) Chrome/76.0.3809.132 Safari/537.36"
34.70.39.194 - - [07/Mar/2021:07:10:12 +0000] "GET / HTTP/1.1" 202 19087 "-" "Mozilla/5.0 (Windows NT 10.0; Win64; x64) AppleWebKit/537.36 (KHTML, like Gecko) Chrome/76.0.3809.132 Safari/537.36"
34.70.39.194 - - [07/Mar/2021:07:10:12 +0000] "GET /xmlrpc.php?rsd HTTP/1.1" 404 27 "-" "Mozilla/5.0 (Windows NT 10.0; Win64; x64) AppleWebKit/537.36 (KHTML, like Gecko) Chrome/76.0.3809.132 Safari/537.36"
34.70.39.194 - - [07/Mar/2021:07:10:12 +0000] "GET / HTTP/1.1" 202 19085 "-" "Mozilla/5.0 (Windows NT 10.0; Win64; x64) AppleWebKit/537.36 (KHTML, like Gecko) Chrome/76.0.3809.132 Safari/537.36"
34.70.39.194 - - [07/Mar/2021:07:10:12 +0000] "GET /blog/wp-includes/wlwmanifest.xml HTTP/1.1" 202 12699 "-" "Mozilla/5.0 (Windows NT 10.0; Win64; x64) AppleWebKit/537.36 (KHTML, like Gecko) Chrome/76.0.3809.132 Safari/537.36"
34.70.39.194 - - [07/Mar/2021:07:10:13 +0000] "GET /blog/wp-includes/wlwmanifest.xml HTTP/1.1" 202 12699 "-" "Mozilla/5.0 (Windows NT 10.0; Win64; x64) AppleWebKit/537.36 (KHTML, like Gecko) Chrome/76.0.3809.132 Safari/537.36"
34.70.39.194 - - [07/Mar/2021:07:10:13 +0000] "GET /web/wp-includes/wlwmanifest.xml HTTP/1.1" 404 19118 "-" "Mozilla/5.0 (Windows NT 10.0; Win64; x64) AppleWebKit/537.36 (KHTML, like Gecko) Chrome/76.0.3809.132 Safari/537.36"
34.70.39.194 - - [07/Mar/2021:07:10:13 +0000] "GET /web/wp-includes/wlwmanifest.xml HTTP/1.1" 404 19119 "-" "Mozilla/5.0 (Windows NT 10.0; Win64; x64) AppleWebKit/537.36 (KHTML, like Gecko) Chrome/76.0.3809.132 Safari/537.36"
34.70.39.194 - - [07/Mar/2021:07:10:13 +0000] "GET /wordpress/wp-includes/wlwmanifest.xml HTTP/1.1" 404 19122 "-" "Mozilla/5.0 (Windows NT 10.0; Win64; x64) AppleWebKit/537.36 (KHTML, like Gecko) Chrome/76.0.3809.132 Safari/537.36"
34.70.39.194 - - [07/Mar/2021:07:10:13 +0000] "GET /wordpress/wp-includes/wlwmanifest.xml HTTP/1.1" 404 19123 "-" "Mozilla/5.0 (Windows NT 10.0; Win64; x64) AppleWebKit/537.36 (KHTML, like Gecko) Chrome/76.0.3809.132 Safari/537.36"
34.70.39.194 - - [07/Mar/2021:07:10:13 +0000] "GET /website/wp-includes/wlwmanifest.xml HTTP/1.1" 404 19123 "-" "Mozilla/5.0 (Windows NT 10.0; Win64; x64) AppleWebKit/537.36 (KHTML, like Gecko) Chrome/76.0.3809.132 Safari/537.36"
34.70.39.194 - - [07/Mar/2021:07:10:13 +0000] "GET /website/wp-includes/wlwmanifest.xml HTTP/1.1" 404 19121 "-" "Mozilla/5.0 (Windows NT 10.0; Win64; x64) AppleWebKit/537.36 (KHTML, like Gecko) Chrome/76.0.3809.132 Safari/537.36"
34.70.39.194 - - [07/Mar/2021:07:10:13 +0000] "GET /wp/wp-includes/wlwmanifest.xml HTTP/1.1" 404 19117 "-" "Mozilla/5.0 (Windows NT 10.0; Win64; x64) AppleWebKit/537.36 (KHTML, like Gecko) Chrome/76.0.3809.132 Safari/537.36"
34.70.39.194 - - [07/Mar/2021:07:10:13 +0000] "GET /wp/wp-includes/wlwmanifest.xml HTTP/1.1" 404 19117 "-" "Mozilla/5.0 (Windows NT 10.0; Win64; x64) AppleWebKit/537.36 (KHTML, like Gecko) Chrome/76.0.3809.132 Safari/537.36"
34.70.39.194 - - [07/Mar/2021:07:10:13 +0000] "GET /news/wp-includes/wlwmanifest.xml HTTP/1.1" 404 19119 "-" "Mozilla/5.0 (Windows NT 10.0; Win64; x64) AppleWebKit/537.36 (KHTML, like Gecko) Chrome/76.0.3809.132 Safari/537.36"
34.70.39.194 - - [07/Mar/2021:07:10:13 +0000] "GET /news/wp-includes/wlwmanifest.xml HTTP/1.1" 404 19119 "-" "Mozilla/5.0 (Windows NT 10.0; Win64; x64) AppleWebKit/537.36 (KHTML, like Gecko) Chrome/76.0.3809.132 Safari/537.36"
34.70.39.194 - - [07/Mar/2021:07:10:13 +0000] "GET /2018/wp-includes/wlwmanifest.xml HTTP/1.1" 404 19120 "-" "Mozilla/5.0 (Windows NT 10.0; Win64; x64) AppleWebKit/537.36 (KHTML, like Gecko) Chrome/76.0.3809.132 Safari/537.36"
34.70.39.194 - - [07/Mar/2021:07:10:13 +0000] "GET /2019/wp-includes/wlwmanifest.xml HTTP/1.1" 404 19120 "-" "Mozilla/5.0 (Windows NT 10.0; Win64; x64) AppleWebKit/537.36 (KHTML, like Gecko) Chrome/76.0.3809.132 Safari/537.36"
34.70.39.194 - - [07/Mar/2021:07:10:13 +0000] "GET /2018/wp-includes/wlwmanifest.xml HTTP/1.1" 404 19119 "-" "Mozilla/5.0 (Windows NT 10.0; Win64; x64) AppleWebKit/537.36 (KHTML, like Gecko) Chrome/76.0.3809.132 Safari/537.36"
34.70.39.194 - - [07/Mar/2021:07:10:13 +0000] "GET /shop/wp-includes/wlwmanifest.xml HTTP/1.1" 404 19119 "-" "Mozilla/5.0 (Windows NT 10.0; Win64; x64) AppleWebKit/537.36 (KHTML, like Gecko) Chrome/76.0.3809.132 Safari/537.36"
34.70.39.194 - - [07/Mar/2021:07:10:13 +0000] "GET /2019/wp-includes/wlwmanifest.xml HTTP/1.1" 404 19120 "-" "Mozilla/5.0 (Windows NT 10.0; Win64; x64) AppleWebKit/537.36 (KHTML, like Gecko) Chrome/76.0.3809.132 Safari/537.36"
34.70.39.194 - - [07/Mar/2021:07:10:13 +0000] "GET /wp1/wp-includes/wlwmanifest.xml HTTP/1.1" 404 19119 "-" "Mozilla/5.0 (Windows NT 10.0; Win64; x64) AppleWebKit/537.36 (KHTML, like Gecko) Chrome/76.0.3809.132 Safari/537.36"
34.70.39.194 - - [07/Mar/2021:07:10:13 +0000] "GET /shop/wp-includes/wlwmanifest.xml HTTP/1.1" 404 19120 "-" "Mozilla/5.0 (Windows NT 10.0; Win64; x64) AppleWebKit/537.36 (KHTML, like Gecko) Chrome/76.0.3809.132 Safari/537.36"
34.70.39.194 - - [07/Mar/2021:07:10:13 +0000] "GET /test/wp-includes/wlwmanifest.xml HTTP/1.1" 404 19119 "-" "Mozilla/5.0 (Windows NT 10.0; Win64; x64) AppleWebKit/537.36 (KHTML, like Gecko) Chrome/76.0.3809.132 Safari/537.36"
34.70.39.194 - - [07/Mar/2021:07:10:14 +0000] "GET /wp1/wp-includes/wlwmanifest.xml HTTP/1.1" 404 19116 "-" "Mozilla/5.0 (Windows NT 10.0; Win64; x64) AppleWebKit/537.36 (KHTML, like Gecko) Chrome/76.0.3809.132 Safari/537.36"
34.70.39.194 - - [07/Mar/2021:07:10:14 +0000] "GET /media/wp-includes/wlwmanifest.xml HTTP/1.1" 404 19119 "-" "Mozilla/5.0 (Windows NT 10.0; Win64; x64) AppleWebKit/537.36 (KHTML, like Gecko) Chrome/76.0.3809.132 Safari/537.36"
34.70.39.194 - - [07/Mar/2021:07:10:14 +0000] "GET /test/wp-includes/wlwmanifest.xml HTTP/1.1" 404 19119 "-" "Mozilla/5.0 (Windows NT 10.0; Win64; x64) AppleWebKit/537.36 (KHTML, like Gecko) Chrome/76.0.3809.132 Safari/537.36"
34.70.39.194 - - [07/Mar/2021:07:10:14 +0000] "GET /media/wp-includes/wlwmanifest.xml HTTP/1.1" 404 19121 "-" "Mozilla/5.0 (Windows NT 10.0; Win64; x64) AppleWebKit/537.36 (KHTML, like Gecko) Chrome/76.0.3809.132 Safari/537.36"
34.70.39.194 - - [07/Mar/2021:07:10:14 +0000] "GET /wp2/wp-includes/wlwmanifest.xml HTTP/1.1" 404 19118 "-" "Mozilla/5.0 (Windows NT 10.0; Win64; x64) AppleWebKit/537.36 (KHTML, like Gecko) Chrome/76.0.3809.132 Safari/537.36"
34.70.39.194 - - [07/Mar/2021:07:10:14 +0000] "GET /wp2/wp-includes/wlwmanifest.xml HTTP/1.1" 404 19118 "-" "Mozilla/5.0 (Windows NT 10.0; Win64; x64) AppleWebKit/537.36 (KHTML, like Gecko) Chrome/76.0.3809.132 Safari/537.36"
34.70.39.194 - - [07/Mar/2021:07:10:14 +0000] "GET /site/wp-includes/wlwmanifest.xml HTTP/1.1" 404 19119 "-" "Mozilla/5.0 (Windows NT 10.0; Win64; x64) AppleWebKit/537.36 (KHTML, like Gecko) Chrome/76.0.3809.132 Safari/537.36"
34.70.39.194 - - [07/Mar/2021:07:10:14 +0000] "GET /site/wp-includes/wlwmanifest.xml HTTP/1.1" 404 19120 "-" "Mozilla/5.0 (Windows NT 10.0; Win64; x64) AppleWebKit/537.36 (KHTML, like Gecko) Chrome/76.0.3809.132 Safari/537.36"
34.70.39.194 - - [07/Mar/2021:07:10:14 +0000] "GET /cms/wp-includes/wlwmanifest.xml HTTP/1.1" 404 19118 "-" "Mozilla/5.0 (Windows NT 10.0; Win64; x64) AppleWebKit/537.36 (KHTML, like Gecko) Chrome/76.0.3809.132 Safari/537.36"
34.70.39.194 - - [07/Mar/2021:07:10:14 +0000] "GET /cms/wp-includes/wlwmanifest.xml HTTP/1.1" 404 19117 "-" "Mozilla/5.0 (Windows NT 10.0; Win64; x64) AppleWebKit/537.36 (KHTML, like Gecko) Chrome/76.0.3809.132 Safari/537.36"
34.70.39.194 - - [07/Mar/2021:07:10:14 +0000] "GET /sito/wp-includes/wlwmanifest.xml HTTP/1.1" 404 19119 "-" "Mozilla/5.0 (Windows NT 10.0; Win64; x64) AppleWebKit/537.36 (KHTML, like Gecko) Chrome/76.0.3809.132 Safari/537.36"
34.70.39.194 - - [07/Mar/2021:07:10:14 +0000] "GET /sito/wp-includes/wlwmanifest.xml HTTP/1.1" 404 19119 "-" "Mozilla/5.0 (Windows NT 10.0; Win64; x64) AppleWebKit/537.36 (KHTML, like Gecko) Chrome/76.0.3809.132 Safari/537.36"
34.70.39.194 - - [07/Mar/2021:07:10:14 +0000] "" 400 0 "-" "-"
34.70.39.194 - - [07/Mar/2021:07:10:14 +0000] "" 400 0 "-" "-"
192.241.225.211 - - [07/Mar/2021:07:14:16 +0000] "GET / HTTP/1.1" 202 19085 "-" "Mozilla/5.0 zgrab/0.x"
140.82.115.247 - - [07/Mar/2021:07:14:55 +0000] "GET /bitfire-dashboard.jpeg HTTP/1.1" 200 331602 "-" "github-camo (07ab9467)"
3.140.84.221 - - [07/Mar/2021:07:22:49 +0000] "GET /?webarxts=%201615101768&WEBARX_REFRESH_RULES=f5f824cacbaedfde8c23d569467d9dc5ee7ce7ba&WEBARX-UPDATE-FIREWALL-RULES=f5f824cacbaedfde8c23d569467d9dc5ee7ce7ba HTTP/1.1" 202 944 "-" "Mozilla/5.0 (Windows NT 10.0; Win64; x64; rv:84.0) Gecko/20100101 Firefox/84.0"
3.140.84.221 - - [07/Mar/2021:07:22:50 +0000] "GET /?webarxts=%201615101770&WEBARX_REFRESH_RULES=f5f824cacbaedfde8c23d569467d9dc5ee7ce7ba&WEBARX-UPDATE-FIREWALL-RULES=f5f824cacbaedfde8c23d569467d9dc5ee7ce7ba HTTP/1.1" 202 944 "-" "Mozilla/5.0 (Windows NT 10.0; Win64; x64; rv:84.0) Gecko/20100101 Firefox/84.0"
13.66.139.26 - - [07/Mar/2021:07:24:11 +0000] "GET /login HTTP/1.1" 202 11778 "-" "Mozilla/5.0 (compatible; bingbot/2.0; +http://www.bing.com/bingbot.htm)"
18.222.191.77 - - [07/Mar/2021:07:28:15 +0000] "GET / HTTP/1.1" 202 19086 "-" "Mozilla/5.0 (Windows NT 10.0; Win64; x64) AppleWebKit/537.36 (KHTML, like Gecko) Chrome/83.0.4103.97 Safari/537.36"
45.9.150.27 - - [07/Mar/2021:07:32:45 +0000] "OPTIONS / HTTP/1.1" 400 182 "-" "curl/7.66.0"
192.241.227.135 - - [07/Mar/2021:07:44:39 +0000] "GET / HTTP/1.1" 202 19084 "-" "Mozilla/5.0 zgrab/0.x"
3.140.84.221 - - [07/Mar/2021:07:44:51 +0000] "GET /?webarxts=%201615103090&WEBARX-UPLOAD-LOGS=f5f824cacbaedfde8c23d569467d9dc5ee7ce7ba&WEBARX_REFRESH_RULES=f5f824cacbaedfde8c23d569467d9dc5ee7ce7ba HTTP/1.1" 202 943 "-" "Mozilla/5.0 (Windows NT 10.0; Win64; x64; rv:84.0) Gecko/20100101 Firefox/84.0"
3.140.84.221 - - [07/Mar/2021:07:44:52 +0000] "GET /?webarxts=%201615103092&WEBARX-UPLOAD-LOGS=f5f824cacbaedfde8c23d569467d9dc5ee7ce7ba&WEBARX_REFRESH_RULES=f5f824cacbaedfde8c23d569467d9dc5ee7ce7ba HTTP/1.1" 202 943 "-" "Mozilla/5.0 (Windows NT 10.0; Win64; x64; rv:84.0) Gecko/20100101 Firefox/84.0"
45.155.205.225 - - [07/Mar/2021:07:47:42 +0000] "POST /api/jsonws/invoke HTTP/1.1" 404 47 "-" "Mozilla/5.0 (Windows NT 10.0; Win64; x64) AppleWebKit/537.36 (KHTML, like Gecko) Chrome/78.0.3904.108 Safari/537.36"
45.155.205.225 - - [07/Mar/2021:07:47:43 +0000] "POST /vendor/phpunit/phpunit/src/Util/PHP/eval-stdin.php HTTP/1.1" 404 47 "-" "Mozilla/5.0 (Windows NT 10.0; Win64; x64) AppleWebKit/537.36 (KHTML, like Gecko) Chrome/78.0.3904.108 Safari/537.36"
45.155.205.225 - - [07/Mar/2021:07:47:43 +0000] "GET /solr/admin/info/system?wt=json HTTP/1.1" 404 9056 "-" "Mozilla/5.0 (Windows NT 10.0; Win64; x64) AppleWebKit/537.36 (KHTML, like Gecko) Chrome/78.0.3904.108 Safari/537.36"
45.155.205.225 - - [07/Mar/2021:07:47:43 +0000] "GET /?XDEBUG_SESSION_START=phpstorm HTTP/1.1" 202 19118 "-" "Mozilla/5.0 (Windows NT 10.0; Win64; x64) AppleWebKit/537.36 (KHTML, like Gecko) Chrome/78.0.3904.108 Safari/537.36"
45.155.205.225 - - [07/Mar/2021:07:47:44 +0000] "GET /?a=fetch&content=<php>die(@md5(HelloThinkCMF))</php> HTTP/1.1" 422 1573 "-" "Mozilla/5.0 (Windows NT 10.0; Win64; x64) AppleWebKit/537.36 (KHTML, like Gecko) Chrome/78.0.3904.108 Safari/537.36"
45.155.205.225 - - [07/Mar/2021:07:47:44 +0000] "GET /index.php?s=/Index/\x5Cthink\x5Capp/invokefunction&function=call_user_func_array&vars[0]=md5&vars[1][]=HelloThinkPHP21 HTTP/1.1" 404 47 "-" "Mozilla/5.0 (Windows NT 10.0; Win64; x64) AppleWebKit/537.36 (KHTML, like Gecko) Chrome/78.0.3904.108 Safari/537.36"
45.155.205.225 - - [07/Mar/2021:07:47:45 +0000] "GET /vendor/phpunit/phpunit/src/Util/PHP/eval-stdin.php HTTP/1.1" 404 47 "-" "Mozilla/5.0 (Windows NT 10.0; Win64; x64) AppleWebKit/537.36 (KHTML, like Gecko) Chrome/78.0.3904.108 Safari/537.36"
45.155.205.225 - - [07/Mar/2021:07:47:45 +0000] "GET /wp-content/plugins/wp-file-manager/readme.txt HTTP/1.1" 404 9067 "-" "Mozilla/5.0 (Windows NT 10.0; Win64; x64) AppleWebKit/537.36 (KHTML, like Gecko) Chrome/78.0.3904.108 Safari/537.36"
45.155.205.225 - - [07/Mar/2021:07:47:45 +0000] "GET /console/ HTTP/1.1" 404 9037 "-" "Mozilla/5.0 (Windows NT 10.0; Win64; x64) AppleWebKit/537.36 (KHTML, like Gecko) Chrome/78.0.3904.108 Safari/537.36"
45.155.205.225 - - [07/Mar/2021:07:47:46 +0000] "GET /_ignition/execute-solution HTTP/1.1" 404 9044 "-" "Mozilla/5.0 (Windows NT 10.0; Win64; x64) AppleWebKit/537.36 (KHTML, like Gecko) Chrome/78.0.3904.108 Safari/537.36"
45.155.205.225 - - [07/Mar/2021:07:47:48 +0000] "POST /Autodiscover/Autodiscover.xml HTTP/1.1" 404 9045 "-" "Mozilla/5.0 (Windows NT 10.0; Win64; x64) AppleWebKit/537.36 (KHTML, like Gecko) Chrome/78.0.3904.108 Safari/537.36"
18.222.191.77 - - [07/Mar/2021:08:22:21 +0000] "GET / HTTP/1.1" 202 19085 "-" "Mozilla/5.0 (Windows NT 10.0; Win64; x64) AppleWebKit/537.36 (KHTML, like Gecko) Chrome/83.0.4103.97 Safari/537.36"
192.241.226.14 - - [07/Mar/2021:08:22:55 +0000] "GET /owa/auth/logon.aspx?url=https%3a%2f%2f1%2fecp%2f HTTP/1.1" 404 9068 "-" "Mozilla/5.0 zgrab/0.x"
3.140.84.221 - - [07/Mar/2021:08:22:58 +0000] "GET /?webarxts=%201615105377&WEBARX_REFRESH_RULES=f5f824cacbaedfde8c23d569467d9dc5ee7ce7ba&WEBARX-UPDATE-FIREWALL-RULES=f5f824cacbaedfde8c23d569467d9dc5ee7ce7ba HTTP/1.1" 202 943 "-" "Mozilla/5.0 (Windows NT 10.0; Win64; x64; rv:84.0) Gecko/20100101 Firefox/84.0"
3.140.84.221 - - [07/Mar/2021:08:22:59 +0000] "GET /?webarxts=%201615105379&WEBARX_REFRESH_RULES=f5f824cacbaedfde8c23d569467d9dc5ee7ce7ba&WEBARX-UPDATE-FIREWALL-RULES=f5f824cacbaedfde8c23d569467d9dc5ee7ce7ba HTTP/1.1" 202 943 "-" "Mozilla/5.0 (Windows NT 10.0; Win64; x64; rv:84.0) Gecko/20100101 Firefox/84.0"
188.163.47.9 - - [07/Mar/2021:08:31:34 +0000] "GET /contact/ HTTP/1.0" 202 11045 "http://bitslip6.com/contact/" "Mozilla/5.0 (Windows NT 6.3; WOW64) AppleWebKit/537.36 (KHTML, like Gecko) Chrome/83.0.4103.61 Safari/537.36"
188.163.47.9 - - [07/Mar/2021:08:31:35 +0000] "GET / HTTP/1.0" 202 19052 "http://bitslip6.com/" "Mozilla/5.0 (Windows NT 6.3; WOW64) AppleWebKit/537.36 (KHTML, like Gecko) Chrome/83.0.4103.61 Safari/537.36"
34.220.184.104 - - [07/Mar/2021:08:33:38 +0000] "GET / HTTP/1.1" 202 967 "-" "Mozilla/5.0 (X11; Linux x86_64) AppleWebKit/537.36 (KHTML, like Gecko) Chrome/83.0.4103.97 Safari/537.36"
34.219.236.62 - - [07/Mar/2021:08:33:38 +0000] "GET / HTTP/1.1" 202 965 "-" "Mozilla/5.0 (X11; Linux x86_64) AppleWebKit/537.36 (KHTML, like Gecko) Chrome/83.0.4103.97 Safari/537.36"
174.27.87.163 - - [07/Mar/2021:08:36:56 +0000] "GET / HTTP/2.0" 202 19053 "-" "Mozilla/5.0 (Macintosh; Intel Mac OS X 11_1_0) AppleWebKit/537.36 (KHTML, like Gecko) Chrome/88.0.4324.150 Safari/537.36"
174.27.87.163 - - [07/Mar/2021:08:36:56 +0000] "GET /css/styles2.css?=81 HTTP/2.0" 200 6932 "https://www.bitslip6.com/" "Mozilla/5.0 (Macintosh; Intel Mac OS X 11_1_0) AppleWebKit/537.36 (KHTML, like Gecko) Chrome/88.0.4324.150 Safari/537.36"
174.27.87.163 - - [07/Mar/2021:08:36:56 +0000] "GET /img/shield-320-white.png HTTP/2.0" 200 17851 "https://www.bitslip6.com/" "Mozilla/5.0 (Macintosh; Intel Mac OS X 11_1_0) AppleWebKit/537.36 (KHTML, like Gecko) Chrome/88.0.4324.150 Safari/537.36"
174.27.87.163 - - [07/Mar/2021:08:36:56 +0000] "GET /?_kbuqyrkc=1&_bfa=3754024152&_bfx=1440_900&_bfz=420 HTTP/2.0" 302 0 "https://www.bitslip6.com/" "Mozilla/5.0 (Macintosh; Intel Mac OS X 11_1_0) AppleWebKit/537.36 (KHTML, like Gecko) Chrome/88.0.4324.150 Safari/537.36"
174.27.87.163 - - [07/Mar/2021:08:36:56 +0000] "GET /img/blur-computer-800.jpg HTTP/2.0" 200 45631 "https://www.bitslip6.com/" "Mozilla/5.0 (Macintosh; Intel Mac OS X 11_1_0) AppleWebKit/537.36 (KHTML, like Gecko) Chrome/88.0.4324.150 Safari/537.36"
174.27.87.163 - - [07/Mar/2021:08:36:56 +0000] "GET /? HTTP/2.0" 200 8548 "https://www.bitslip6.com/" "Mozilla/5.0 (Macintosh; Intel Mac OS X 11_1_0) AppleWebKit/537.36 (KHTML, like Gecko) Chrome/88.0.4324.150 Safari/537.36"
174.27.87.163 - - [07/Mar/2021:08:36:56 +0000] "GET /img/big-data.jpeg HTTP/2.0" 200 182732 "https://www.bitslip6.com/" "Mozilla/5.0 (Macintosh; Intel Mac OS X 11_1_0) AppleWebKit/537.36 (KHTML, like Gecko) Chrome/88.0.4324.150 Safari/537.36"
174.27.87.163 - - [07/Mar/2021:08:36:57 +0000] "GET /img/big-data.jpeg HTTP/2.0" 200 182732 "https://www.bitslip6.com/?" "Mozilla/5.0 (Macintosh; Intel Mac OS X 11_1_0) AppleWebKit/537.36 (KHTML, like Gecko) Chrome/88.0.4324.150 Safari/537.36"
174.27.87.163 - - [07/Mar/2021:08:36:57 +0000] "GET /img/hands7.jpg HTTP/2.0" 200 99767 "https://www.bitslip6.com/?" "Mozilla/5.0 (Macintosh; Intel Mac OS X 11_1_0) AppleWebKit/537.36 (KHTML, like Gecko) Chrome/88.0.4324.150 Safari/537.36"
174.27.87.163 - - [07/Mar/2021:08:36:57 +0000] "GET /img/shield64.png HTTP/2.0" 200 3268 "https://www.bitslip6.com/?" "Mozilla/5.0 (Macintosh; Intel Mac OS X 11_1_0) AppleWebKit/537.36 (KHTML, like Gecko) Chrome/88.0.4324.150 Safari/537.36"
174.27.87.163 - - [07/Mar/2021:08:37:06 +0000] "GET /favicon.ico HTTP/2.0" 200 3268 "-" "Mozilla/5.0 (Macintosh; Intel Mac OS X 11_1_0) AppleWebKit/537.36 (KHTML, like Gecko) Chrome/88.0.4324.150 Safari/537.36"
119.18.145.147 - - [07/Mar/2021:08:41:57 +0000] "GET / HTTP/1.1" 202 19086 "-" "Mozilla/5.0 (Windows NT 6.1; WOW64) AppleWebKit/537.36 (KHTML, like Gecko) Chrome/52.0.2743.116 Safari/537.36"
193.118.53.202 - - [07/Mar/2021:08:44:42 +0000] "GET / HTTP/1.1" 202 19086 "-" "Mozilla/5.0 (Windows NT 10.0; Win64; x64) AppleWebKit/537.36 (KHTML, like Gecko) Chrome/60.0.3112.113 Safari/537.36"
3.140.84.221 - - [07/Mar/2021:08:45:20 +0000] "GET /?webarxts=%201615106719&WEBARX-UPLOAD-LOGS=f5f824cacbaedfde8c23d569467d9dc5ee7ce7ba&WEBARX_REFRESH_RULES=f5f824cacbaedfde8c23d569467d9dc5ee7ce7ba HTTP/1.1" 202 943 "-" "Mozilla/5.0 (Windows NT 10.0; Win64; x64; rv:84.0) Gecko/20100101 Firefox/84.0"
3.140.84.221 - - [07/Mar/2021:08:45:21 +0000] "GET /?webarxts=%201615106721&WEBARX-UPLOAD-LOGS=f5f824cacbaedfde8c23d569467d9dc5ee7ce7ba&WEBARX_REFRESH_RULES=f5f824cacbaedfde8c23d569467d9dc5ee7ce7ba HTTP/1.1" 202 943 "-" "Mozilla/5.0 (Windows NT 10.0; Win64; x64; rv:84.0) Gecko/20100101 Firefox/84.0"
193.118.53.194 - - [07/Mar/2021:09:05:01 +0000] "GET / HTTP/1.1" 202 19086 "-" "Mozilla/5.0 (Windows NT 10.0; Win64; x64) AppleWebKit/537.36 (KHTML, like Gecko) Chrome/60.0.3112.113 Safari/537.36"
20.185.68.80 - - [07/Mar/2021:09:07:47 +0000] "GET / HTTP/1.1" 200 8562 "-" "python-requests/2.24.0"
203.159.80.202 - - [07/Mar/2021:09:09:06 +0000] "GET /.env HTTP/1.1" 404 9034 "-" "Mozilla/5.0 (X11; Linux x86_64) AppleWebKit/537.36 (KHTML, like Gecko) Chrome/81.0.4044.129 Safari/537.36"
203.159.80.202 - - [07/Mar/2021:09:09:08 +0000] "POST / HTTP/1.1" 202 923 "-" "Mozilla/5.0 (X11; Linux x86_64) AppleWebKit/537.36 (KHTML, like Gecko) Chrome/81.0.4044.129 Safari/537.36"
185.191.171.4 - - [07/Mar/2021:09:19:24 +0000] "GET /robots.txt HTTP/1.1" 200 36 "-" "Mozilla/5.0 (compatible; SemrushBot/7~bl; +http://www.semrush.com/bot.html)"
185.191.171.4 - - [07/Mar/2021:09:19:24 +0000] "GET /blog/enforcing_web_filtering_with_inversion_of_control HTTP/1.1" 202 12721 "-" "Mozilla/5.0 (compatible; SemrushBot/7~bl; +http://www.semrush.com/bot.html)"
3.140.84.221 - - [07/Mar/2021:09:23:05 +0000] "GET /?webarxts=%201615108984&WEBARX_REFRESH_RULES=f5f824cacbaedfde8c23d569467d9dc5ee7ce7ba&WEBARX-UPDATE-FIREWALL-RULES=f5f824cacbaedfde8c23d569467d9dc5ee7ce7ba HTTP/1.1" 202 943 "-" "Mozilla/5.0 (Windows NT 10.0; Win64; x64; rv:84.0) Gecko/20100101 Firefox/84.0"
3.140.84.221 - - [07/Mar/2021:09:23:05 +0000] "GET /?webarxts=%201615108985&WEBARX_REFRESH_RULES=f5f824cacbaedfde8c23d569467d9dc5ee7ce7ba&WEBARX-UPDATE-FIREWALL-RULES=f5f824cacbaedfde8c23d569467d9dc5ee7ce7ba HTTP/1.1" 202 942 "-" "Mozilla/5.0 (Windows NT 10.0; Win64; x64; rv:84.0) Gecko/20100101 Firefox/84.0"
185.100.87.207 - - [07/Mar/2021:09:32:38 +0000] "GET / HTTP/1.1" 202 19085 "-" "Mozilla/5.0 (X11; OpenBSD i386) AppleWebKit/537.36 (KHTML, like Gecko) Chrome/36.0.1985.125 Safari/537.36"
3.140.84.221 - - [07/Mar/2021:09:44:57 +0000] "GET /?webarxts=%201615110297&WEBARX-UPLOAD-LOGS=f5f824cacbaedfde8c23d569467d9dc5ee7ce7ba&WEBARX_REFRESH_RULES=f5f824cacbaedfde8c23d569467d9dc5ee7ce7ba HTTP/1.1" 202 944 "-" "Mozilla/5.0 (Windows NT 10.0; Win64; x64; rv:84.0) Gecko/20100101 Firefox/84.0"
3.140.84.221 - - [07/Mar/2021:09:44:59 +0000] "GET /?webarxts=%201615110298&WEBARX-UPLOAD-LOGS=f5f824cacbaedfde8c23d569467d9dc5ee7ce7ba&WEBARX_REFRESH_RULES=f5f824cacbaedfde8c23d569467d9dc5ee7ce7ba HTTP/1.1" 202 944 "-" "Mozilla/5.0 (Windows NT 10.0; Win64; x64; rv:84.0) Gecko/20100101 Firefox/84.0"
3.18.238.17 - - [07/Mar/2021:09:45:10 +0000] "GET / HTTP/1.1" 202 19087 "-" "Mozilla/5.0 (Windows NT 10.0; Win64; x64) AppleWebKit/537.36 (KHTML, like Gecko) Chrome/83.0.4103.97 Safari/537.36"
95.216.152.179 - - [07/Mar/2021:09:53:13 +0000] "GET /contact/ HTTP/1.0" 202 11046 "http://bitslip6.com/contact/" "Mozilla/5.0 (Windows NT 10.0; Win64; x64) AppleWebKit/537.36 (KHTML, like Gecko) Chrome/83.0.4103.34 Safari/537.36"
95.216.152.179 - - [07/Mar/2021:09:53:13 +0000] "GET / HTTP/1.0" 202 19051 "http://bitslip6.com/" "Mozilla/5.0 (Windows NT 10.0; Win64; x64) AppleWebKit/537.36 (KHTML, like Gecko) Chrome/83.0.4103.34 Safari/537.36"
162.142.125.55 - - [07/Mar/2021:10:03:33 +0000] "GET / HTTP/1.1" 200 18175 "-" "-"
162.142.125.55 - - [07/Mar/2021:10:03:34 +0000] "GET / HTTP/1.1" 202 19087 "-" "Mozilla/5.0 (compatible; CensysInspect/1.1; +https://about.censys.io/)"
3.140.84.221 - - [07/Mar/2021:10:22:47 +0000] "GET /?webarxts=%201615112567&WEBARX_REFRESH_RULES=f5f824cacbaedfde8c23d569467d9dc5ee7ce7ba&WEBARX-UPDATE-FIREWALL-RULES=f5f824cacbaedfde8c23d569467d9dc5ee7ce7ba HTTP/1.1" 202 944 "-" "Mozilla/5.0 (Windows NT 10.0; Win64; x64; rv:84.0) Gecko/20100101 Firefox/84.0"
3.140.84.221 - - [07/Mar/2021:10:22:49 +0000] "GET /?webarxts=%201615112568&WEBARX_REFRESH_RULES=f5f824cacbaedfde8c23d569467d9dc5ee7ce7ba&WEBARX-UPDATE-FIREWALL-RULES=f5f824cacbaedfde8c23d569467d9dc5ee7ce7ba HTTP/1.1" 202 942 "-" "Mozilla/5.0 (Windows NT 10.0; Win64; x64; rv:84.0) Gecko/20100101 Firefox/84.0"
18.222.191.77 - - [07/Mar/2021:10:34:16 +0000] "GET / HTTP/1.1" 202 19087 "-" "Mozilla/5.0 (Windows NT 10.0; Win64; x64) AppleWebKit/537.36 (KHTML, like Gecko) Chrome/83.0.4103.97 Safari/537.36"
3.140.84.221 - - [07/Mar/2021:10:45:01 +0000] "GET /?webarxts=%201615113901&WEBARX-UPLOAD-LOGS=f5f824cacbaedfde8c23d569467d9dc5ee7ce7ba&WEBARX_REFRESH_RULES=f5f824cacbaedfde8c23d569467d9dc5ee7ce7ba HTTP/1.1" 202 943 "-" "Mozilla/5.0 (Windows NT 10.0; Win64; x64; rv:84.0) Gecko/20100101 Firefox/84.0"
3.140.84.221 - - [07/Mar/2021:10:45:03 +0000] "GET /?webarxts=%201615113902&WEBARX-UPLOAD-LOGS=f5f824cacbaedfde8c23d569467d9dc5ee7ce7ba&WEBARX_REFRESH_RULES=f5f824cacbaedfde8c23d569467d9dc5ee7ce7ba HTTP/1.1" 202 944 "-" "Mozilla/5.0 (Windows NT 10.0; Win64; x64; rv:84.0) Gecko/20100101 Firefox/84.0"
120.77.213.134 - - [07/Mar/2021:10:51:18 +0000] "GET /login HTTP/1.0" 200 10840 "-" "-"
18.222.191.77 - - [07/Mar/2021:11:06:07 +0000] "GET / HTTP/1.1" 202 19064 "-" "Mozilla/5.0 (Windows NT 10.0; Win64; x64) AppleWebKit/537.36 (KHTML, like Gecko) Chrome/83.0.4103.97 Safari/537.36"
54.213.205.144 - - [07/Mar/2021:11:15:29 +0000] "POST /botmatch/_doc HTTP/1.1" 200 31 "-" "BitFire WAF https://bitslip6.com/user_agent"
20.185.68.80 - - [07/Mar/2021:11:15:29 +0000] "GET /.env HTTP/1.1" 404 8562 "-" "Mozilla 5/0"
20.185.68.80 - - [07/Mar/2021:11:15:30 +0000] "GET /vendor/phpunit/phpunit/phpunit.xml HTTP/1.1" 403 262 "-" "Mozilla 5/0"
54.213.205.144 - - [07/Mar/2021:11:15:30 +0000] "POST /botmatch/_doc HTTP/1.1" 200 32 "-" "BitFire WAF https://bitslip6.com/user_agent"
166.70.207.2 - - [07/Mar/2021:11:18:01 +0000] "GET /contact/ HTTP/1.0" 202 11046 "https://www.bitslip6.com/contact/" "Mozilla/5.0 (Windows NT 10.0; Win64; x64) AppleWebKit/537.36 (KHTML, like Gecko) Chrome/83.0.4103.24 Safari/537.36"
3.140.84.221 - - [07/Mar/2021:11:23:00 +0000] "GET /?webarxts=%201615116179&WEBARX_REFRESH_RULES=f5f824cacbaedfde8c23d569467d9dc5ee7ce7ba&WEBARX-UPDATE-FIREWALL-RULES=f5f824cacbaedfde8c23d569467d9dc5ee7ce7ba HTTP/1.1" 202 943 "-" "Mozilla/5.0 (Windows NT 10.0; Win64; x64; rv:84.0) Gecko/20100101 Firefox/84.0"
3.140.84.221 - - [07/Mar/2021:11:23:01 +0000] "GET /?webarxts=%201615116181&WEBARX_REFRESH_RULES=f5f824cacbaedfde8c23d569467d9dc5ee7ce7ba&WEBARX-UPDATE-FIREWALL-RULES=f5f824cacbaedfde8c23d569467d9dc5ee7ce7ba HTTP/1.1" 202 943 "-" "Mozilla/5.0 (Windows NT 10.0; Win64; x64; rv:84.0) Gecko/20100101 Firefox/84.0"
52.255.179.176 - - [07/Mar/2021:11:23:57 +0000] "GET /.env HTTP/1.1" 404 9035 "-" "Mozilla/5.0 (Macintosh; Intel Mac OS X 10.15; rv:77.0) Gecko/20100101 Firefox/77.0"
52.255.179.176 - - [07/Mar/2021:11:23:57 +0000] "GET /wp-content/ HTTP/1.1" 404 9038 "-" "Mozilla/5.0 (Macintosh; Intel Mac OS X 10.15; rv:77.0) Gecko/20100101 Firefox/77.0"
13.66.139.25 - - [07/Mar/2021:11:31:36 +0000] "GET /img/blog/finder4.jpg HTTP/1.1" 200 71483 "-" "Mozilla/5.0 (compatible; bingbot/2.0; +http://www.bing.com/bingbot.htm)"
3.140.84.221 - - [07/Mar/2021:11:44:56 +0000] "GET /?webarxts=%201615117496&WEBARX-UPLOAD-LOGS=f5f824cacbaedfde8c23d569467d9dc5ee7ce7ba&WEBARX_REFRESH_RULES=f5f824cacbaedfde8c23d569467d9dc5ee7ce7ba HTTP/1.1" 202 943 "-" "Mozilla/5.0 (Windows NT 10.0; Win64; x64; rv:84.0) Gecko/20100101 Firefox/84.0"
3.140.84.221 - - [07/Mar/2021:11:44:57 +0000] "GET /?webarxts=%201615117496&WEBARX-UPLOAD-LOGS=f5f824cacbaedfde8c23d569467d9dc5ee7ce7ba&WEBARX_REFRESH_RULES=f5f824cacbaedfde8c23d569467d9dc5ee7ce7ba HTTP/1.1" 202 943 "-" "Mozilla/5.0 (Windows NT 10.0; Win64; x64; rv:84.0) Gecko/20100101 Firefox/84.0"
34.209.232.166 - - [07/Mar/2021:11:45:46 +0000] "GET /.well-known/acme-challenge/bcGi3DP3rW1XWiJBamY4tY6W_N73DAUwWbSDT45VpTk HTTP/1.1" 404 9089 "-" "Mozilla/5.0 (compatible; Let's Encrypt validation server; +https://www.letsencrypt.org)"
3.22.70.135 - - [07/Mar/2021:11:45:46 +0000] "GET /.well-known/acme-challenge/bcGi3DP3rW1XWiJBamY4tY6W_N73DAUwWbSDT45VpTk HTTP/1.1" 404 9090 "-" "Mozilla/5.0 (compatible; Let's Encrypt validation server; +https://www.letsencrypt.org)"
66.133.109.36 - - [07/Mar/2021:11:45:46 +0000] "GET /.well-known/acme-challenge/bcGi3DP3rW1XWiJBamY4tY6W_N73DAUwWbSDT45VpTk HTTP/1.1" 404 9089 "-" "Mozilla/5.0 (compatible; Let's Encrypt validation server; +https://www.letsencrypt.org)"
52.28.236.88 - - [07/Mar/2021:11:45:47 +0000] "GET /.well-known/acme-challenge/bcGi3DP3rW1XWiJBamY4tY6W_N73DAUwWbSDT45VpTk HTTP/1.1" 404 9089 "-" "Mozilla/5.0 (compatible; Let's Encrypt validation server; +https://www.letsencrypt.org)"
42.236.10.72 - - [07/Mar/2021:11:49:48 +0000] "GET / HTTP/1.1" 202 967 "http://www.bitfire.co/" "Mozilla/5.0 (Windows NT 6.1; WOW64) AppleWebKit/537.36 (KHTML, like Gecko) Chrome/50.4.2661.102 Safari/537.36; 360Spider"
40.121.52.49 - - [07/Mar/2021:12:05:05 +0000] "GET /.env HTTP/1.1" 404 9036 "-" "Mozilla/5.0 (X11; Linux x86_64) AppleWebKit/537.36 (KHTML, like Gecko) Chrome/81.0.4044.129 Safari/537.36"
40.121.52.49 - - [07/Mar/2021:12:05:05 +0000] "POST / HTTP/1.1" 202 924 "-" "Mozilla/5.0 (X11; Linux x86_64) AppleWebKit/537.36 (KHTML, like Gecko) Chrome/81.0.4044.129 Safari/537.36"
18.222.191.77 - - [07/Mar/2021:12:06:06 +0000] "GET / HTTP/1.1" 202 19085 "-" "Mozilla/5.0 (Windows NT 10.0; Win64; x64) AppleWebKit/537.36 (KHTML, like Gecko) Chrome/83.0.4103.97 Safari/537.36"
196.70.219.52 - - [07/Mar/2021:12:16:35 +0000] "GET /.env HTTP/1.1" 404 9035 "-" "Mozilla/5.0 (X11; Linux x86_64) AppleWebKit/537.36 (KHTML, like Gecko) Chrome/81.0.4044.129 Safari/537.36"
196.70.219.52 - - [07/Mar/2021:12:16:35 +0000] "POST / HTTP/1.1" 202 924 "-" "Mozilla/5.0 (X11; Linux x86_64) AppleWebKit/537.36 (KHTML, like Gecko) Chrome/81.0.4044.129 Safari/537.36"
3.140.84.221 - - [07/Mar/2021:12:22:54 +0000] "GET /?webarxts=%201615119773&WEBARX_REFRESH_RULES=f5f824cacbaedfde8c23d569467d9dc5ee7ce7ba&WEBARX-UPDATE-FIREWALL-RULES=f5f824cacbaedfde8c23d569467d9dc5ee7ce7ba HTTP/1.1" 202 943 "-" "Mozilla/5.0 (Windows NT 10.0; Win64; x64; rv:84.0) Gecko/20100101 Firefox/84.0"
3.140.84.221 - - [07/Mar/2021:12:22:55 +0000] "GET /?webarxts=%201615119775&WEBARX_REFRESH_RULES=f5f824cacbaedfde8c23d569467d9dc5ee7ce7ba&WEBARX-UPDATE-FIREWALL-RULES=f5f824cacbaedfde8c23d569467d9dc5ee7ce7ba HTTP/1.1" 202 943 "-" "Mozilla/5.0 (Windows NT 10.0; Win64; x64; rv:84.0) Gecko/20100101 Firefox/84.0"
34.209.232.166 - - [07/Mar/2021:12:25:58 +0000] "GET /.well-known/acme-challenge/vGu2YRZeJdnfUk4Hi3ys_SFesEqDR3c6dvEPDGOJ2bc HTTP/1.1" 404 9091 "-" "Mozilla/5.0 (compatible; Let's Encrypt validation server; +https://www.letsencrypt.org)"
3.22.70.135 - - [07/Mar/2021:12:25:58 +0000] "GET /.well-known/acme-challenge/vGu2YRZeJdnfUk4Hi3ys_SFesEqDR3c6dvEPDGOJ2bc HTTP/1.1" 404 9092 "-" "Mozilla/5.0 (compatible; Let's Encrypt validation server; +https://www.letsencrypt.org)"
64.78.149.164 - - [07/Mar/2021:12:25:58 +0000] "GET /.well-known/acme-challenge/vGu2YRZeJdnfUk4Hi3ys_SFesEqDR3c6dvEPDGOJ2bc HTTP/1.1" 404 9090 "-" "Mozilla/5.0 (compatible; Let's Encrypt validation server; +https://www.letsencrypt.org)"
18.196.96.172 - - [07/Mar/2021:12:25:58 +0000] "GET /.well-known/acme-challenge/vGu2YRZeJdnfUk4Hi3ys_SFesEqDR3c6dvEPDGOJ2bc HTTP/1.1" 404 9088 "-" "Mozilla/5.0 (compatible; Let's Encrypt validation server; +https://www.letsencrypt.org)"
77.104.79.242 - - [07/Mar/2021:12:29:43 +0000] "GET / HTTP/1.1" 202 19084 "-" "Mozilla/5.0 (Windows NT 6.1; WOW64) AppleWebKit/537.36 (KHTML, like Gecko) Chrome/51.0.2704.103 Safari/537.36"
188.163.46.254 - - [07/Mar/2021:12:32:33 +0000] "GET /contact/ HTTP/1.0" 202 11047 "http://bitslip6.com/contact/" "Mozilla/5.0 (Windows NT 10.0; Win64; x64) AppleWebKit/537.36 (KHTML, like Gecko) Chrome/83.0.4099.2 Safari/537.36"
188.163.46.254 - - [07/Mar/2021:12:32:34 +0000] "GET / HTTP/1.0" 202 19051 "http://bitslip6.com/" "Mozilla/5.0 (Windows NT 10.0; Win64; x64) AppleWebKit/537.36 (KHTML, like Gecko) Chrome/83.0.4099.2 Safari/537.36"
20.185.68.80 - - [07/Mar/2021:12:37:56 +0000] "GET / HTTP/1.1" 200 8562 "-" "python-requests/2.24.0"
3.140.84.221 - - [07/Mar/2021:12:45:00 +0000] "GET /?webarxts=%201615121099&WEBARX-UPLOAD-LOGS=f5f824cacbaedfde8c23d569467d9dc5ee7ce7ba&WEBARX_REFRESH_RULES=f5f824cacbaedfde8c23d569467d9dc5ee7ce7ba HTTP/1.1" 202 943 "-" "Mozilla/5.0 (Windows NT 10.0; Win64; x64; rv:84.0) Gecko/20100101 Firefox/84.0"
3.140.84.221 - - [07/Mar/2021:12:45:00 +0000] "GET /?webarxts=%201615121100&WEBARX-UPLOAD-LOGS=f5f824cacbaedfde8c23d569467d9dc5ee7ce7ba&WEBARX_REFRESH_RULES=f5f824cacbaedfde8c23d569467d9dc5ee7ce7ba HTTP/1.1" 202 942 "-" "Mozilla/5.0 (Windows NT 10.0; Win64; x64; rv:84.0) Gecko/20100101 Firefox/84.0"
167.114.158.241 - - [07/Mar/2021:12:49:20 +0000] "GET /robots.txt HTTP/1.1" 200 36 "-" "Mozilla/5.0 (compatible; MJ12bot/v1.4.8; http://mj12bot.com/)"
167.114.158.241 - - [07/Mar/2021:12:49:23 +0000] "GET / HTTP/1.1" 202 19085 "-" "Mozilla/5.0 (compatible; MJ12bot/v1.4.8; http://mj12bot.com/)"
84.17.47.75 - - [07/Mar/2021:12:50:51 +0000] "GET / HTTP/1.0" 202 19053 "http://bitslip6.com/" "Mozilla/5.0 (Windows NT 6.1; Win64; x64) AppleWebKit/537.36 (KHTML, like Gecko) Chrome/68.0.3440.84 Safari/537.36"
51.89.201.50 - - [07/Mar/2021:12:56:05 +0000] "GET /.env HTTP/1.1" 404 9036 "-" "Mozilla/5.0 (X11; Linux x86_64) AppleWebKit/537.36 (KHTML, like Gecko) Chrome/81.0.4044.129 Safari/537.36"
51.89.201.50 - - [07/Mar/2021:12:56:05 +0000] "POST / HTTP/1.1" 202 923 "-" "Mozilla/5.0 (X11; Linux x86_64) AppleWebKit/537.36 (KHTML, like Gecko) Chrome/81.0.4044.129 Safari/537.36"
51.89.201.50 - - [07/Mar/2021:12:56:05 +0000] "GET /.env HTTP/1.1" 404 9036 "-" "Mozilla/5.0 (X11; Linux x86_64) AppleWebKit/537.36 (KHTML, like Gecko) Chrome/81.0.4044.129 Safari/537.36"
51.89.201.50 - - [07/Mar/2021:12:56:06 +0000] "POST / HTTP/1.1" 202 923 "-" "Mozilla/5.0 (X11; Linux x86_64) AppleWebKit/537.36 (KHTML, like Gecko) Chrome/81.0.4044.129 Safari/537.36"
13.66.139.47 - - [07/Mar/2021:12:58:12 +0000] "GET / HTTP/1.1" 202 19085 "-" "Mozilla/5.0 (compatible; bingbot/2.0; +http://www.bing.com/bingbot.htm)"
3.140.84.221 - - [07/Mar/2021:13:22:54 +0000] "GET /?webarxts=%201615123374&WEBARX_REFRESH_RULES=f5f824cacbaedfde8c23d569467d9dc5ee7ce7ba&WEBARX-UPDATE-FIREWALL-RULES=f5f824cacbaedfde8c23d569467d9dc5ee7ce7ba HTTP/1.1" 202 943 "-" "Mozilla/5.0 (Windows NT 10.0; Win64; x64; rv:84.0) Gecko/20100101 Firefox/84.0"
3.140.84.221 - - [07/Mar/2021:13:22:56 +0000] "GET /?webarxts=%201615123376&WEBARX_REFRESH_RULES=f5f824cacbaedfde8c23d569467d9dc5ee7ce7ba&WEBARX-UPDATE-FIREWALL-RULES=f5f824cacbaedfde8c23d569467d9dc5ee7ce7ba HTTP/1.1" 202 943 "-" "Mozilla/5.0 (Windows NT 10.0; Win64; x64; rv:84.0) Gecko/20100101 Firefox/84.0"
18.222.191.77 - - [07/Mar/2021:13:25:10 +0000] "GET / HTTP/1.1" 202 19086 "-" "Mozilla/5.0 (Windows NT 10.0; Win64; x64) AppleWebKit/537.36 (KHTML, like Gecko) Chrome/83.0.4103.97 Safari/537.36"
38.18.36.156 - - [07/Mar/2021:13:27:38 +0000] "GET / HTTP/1.1" 202 19086 "-" "Mozilla/5.0 (Windows NT 10.0; Win64; x64) AppleWebKit/537.36 (KHTML, like Gecko) Chrome/80.0.3987.122 Safari/537.36"
3.140.84.221 - - [07/Mar/2021:13:44:57 +0000] "GET /?webarxts=%201615124697&WEBARX-UPLOAD-LOGS=f5f824cacbaedfde8c23d569467d9dc5ee7ce7ba&WEBARX_REFRESH_RULES=f5f824cacbaedfde8c23d569467d9dc5ee7ce7ba HTTP/1.1" 202 944 "-" "Mozilla/5.0 (Windows NT 10.0; Win64; x64; rv:84.0) Gecko/20100101 Firefox/84.0"
13.66.139.48 - - [07/Mar/2021:13:44:58 +0000] "GET / HTTP/1.1" 202 19086 "-" "Mozilla/5.0 (compatible; bingbot/2.0; +http://www.bing.com/bingbot.htm)"
3.140.84.221 - - [07/Mar/2021:13:44:59 +0000] "GET /?webarxts=%201615124699&WEBARX-UPLOAD-LOGS=f5f824cacbaedfde8c23d569467d9dc5ee7ce7ba&WEBARX_REFRESH_RULES=f5f824cacbaedfde8c23d569467d9dc5ee7ce7ba HTTP/1.1" 202 944 "-" "Mozilla/5.0 (Windows NT 10.0; Win64; x64; rv:84.0) Gecko/20100101 Firefox/84.0"
94.181.77.11 - - [07/Mar/2021:14:12:23 +0000] "GET / HTTP/2.0" 202 19052 "https://yandex.ru/" "Mozilla/5.0 (Windows NT 6.1; Win64; x64) AppleWebKit/537.36 (KHTML, like Gecko) Chrome/88.0.4324.150 Safari/537.36 OPR/74.0.3911.160"
94.181.77.11 - - [07/Mar/2021:14:12:23 +0000] "GET /css/styles2.css?=81 HTTP/2.0" 200 6932 "https://www.bitslip6.com/" "Mozilla/5.0 (Windows NT 6.1; Win64; x64) AppleWebKit/537.36 (KHTML, like Gecko) Chrome/88.0.4324.150 Safari/537.36 OPR/74.0.3911.160"
94.181.77.11 - - [07/Mar/2021:14:12:23 +0000] "GET /?_kbuqyrkc=1&_bfa=1708744&_bfx=768_1024&_bfz=0 HTTP/2.0" 302 0 "https://www.bitslip6.com/" "Mozilla/5.0 (Windows NT 6.1; Win64; x64) AppleWebKit/537.36 (KHTML, like Gecko) Chrome/88.0.4324.150 Safari/537.36 OPR/74.0.3911.160"
94.181.77.11 - - [07/Mar/2021:14:12:23 +0000] "GET /img/shield-320-white.png HTTP/2.0" 200 17851 "https://www.bitslip6.com/" "Mozilla/5.0 (Windows NT 6.1; Win64; x64) AppleWebKit/537.36 (KHTML, like Gecko) Chrome/88.0.4324.150 Safari/537.36 OPR/74.0.3911.160"
94.181.77.11 - - [07/Mar/2021:14:12:23 +0000] "GET /? HTTP/2.0" 200 8548 "https://www.bitslip6.com/" "Mozilla/5.0 (Windows NT 6.1; Win64; x64) AppleWebKit/537.36 (KHTML, like Gecko) Chrome/88.0.4324.150 Safari/537.36 OPR/74.0.3911.160"
94.181.77.11 - - [07/Mar/2021:14:12:24 +0000] "GET /img/blur-computer-800.jpg HTTP/2.0" 200 45631 "https://www.bitslip6.com/?" "Mozilla/5.0 (Windows NT 6.1; Win64; x64) AppleWebKit/537.36 (KHTML, like Gecko) Chrome/88.0.4324.150 Safari/537.36 OPR/74.0.3911.160"
94.181.77.11 - - [07/Mar/2021:14:12:24 +0000] "GET /img/big-data.jpeg HTTP/2.0" 200 182732 "https://www.bitslip6.com/?" "Mozilla/5.0 (Windows NT 6.1; Win64; x64) AppleWebKit/537.36 (KHTML, like Gecko) Chrome/88.0.4324.150 Safari/537.36 OPR/74.0.3911.160"
94.181.77.11 - - [07/Mar/2021:14:12:24 +0000] "GET /img/hands7.jpg HTTP/2.0" 200 99767 "https://www.bitslip6.com/?" "Mozilla/5.0 (Windows NT 6.1; Win64; x64) AppleWebKit/537.36 (KHTML, like Gecko) Chrome/88.0.4324.150 Safari/537.36 OPR/74.0.3911.160"
3.140.84.221 - - [07/Mar/2021:14:23:03 +0000] "GET /?webarxts=%201615126982&WEBARX_REFRESH_RULES=f5f824cacbaedfde8c23d569467d9dc5ee7ce7ba&WEBARX-UPDATE-FIREWALL-RULES=f5f824cacbaedfde8c23d569467d9dc5ee7ce7ba HTTP/1.1" 202 943 "-" "Mozilla/5.0 (Windows NT 10.0; Win64; x64; rv:84.0) Gecko/20100101 Firefox/84.0"
3.140.84.221 - - [07/Mar/2021:14:23:04 +0000] "GET /?webarxts=%201615126984&WEBARX_REFRESH_RULES=f5f824cacbaedfde8c23d569467d9dc5ee7ce7ba&WEBARX-UPDATE-FIREWALL-RULES=f5f824cacbaedfde8c23d569467d9dc5ee7ce7ba HTTP/1.1" 202 943 "-" "Mozilla/5.0 (Windows NT 10.0; Win64; x64; rv:84.0) Gecko/20100101 Firefox/84.0"
114.119.135.98 - - [07/Mar/2021:14:39:47 +0000] "GET /robots.txt HTTP/1.1" 200 36 "-" "(compatible;PetalBot;+https://aspiegel.com/petalbot)"
3.140.84.221 - - [07/Mar/2021:14:44:55 +0000] "GET /?webarxts=%201615128295&WEBARX-UPLOAD-LOGS=f5f824cacbaedfde8c23d569467d9dc5ee7ce7ba&WEBARX_REFRESH_RULES=f5f824cacbaedfde8c23d569467d9dc5ee7ce7ba HTTP/1.1" 202 943 "-" "Mozilla/5.0 (Windows NT 10.0; Win64; x64; rv:84.0) Gecko/20100101 Firefox/84.0"
3.140.84.221 - - [07/Mar/2021:14:44:55 +0000] "GET /?webarxts=%201615128295&WEBARX-UPLOAD-LOGS=f5f824cacbaedfde8c23d569467d9dc5ee7ce7ba&WEBARX_REFRESH_RULES=f5f824cacbaedfde8c23d569467d9dc5ee7ce7ba HTTP/1.1" 202 942 "-" "Mozilla/5.0 (Windows NT 10.0; Win64; x64; rv:84.0) Gecko/20100101 Firefox/84.0"
3.18.238.17 - - [07/Mar/2021:14:45:15 +0000] "GET / HTTP/1.1" 202 19086 "-" "Mozilla/5.0 (Windows NT 10.0; Win64; x64) AppleWebKit/537.36 (KHTML, like Gecko) Chrome/83.0.4103.97 Safari/537.36"
92.249.212.59 - - [07/Mar/2021:14:50:07 +0000] "GET / HTTP/1.1" 200 18175 "-" "-"
193.118.53.194 - - [07/Mar/2021:15:02:18 +0000] "GET / HTTP/1.1" 202 19086 "-" "Mozilla/5.0 (Windows NT 10.0; Win64; x64) AppleWebKit/537.36 (KHTML, like Gecko) Chrome/60.0.3112.113 Safari/537.36"
18.222.191.77 - - [07/Mar/2021:15:13:07 +0000] "GET / HTTP/1.1" 202 19087 "-" "Mozilla/5.0 (Windows NT 10.0; Win64; x64) AppleWebKit/537.36 (KHTML, like Gecko) Chrome/83.0.4103.97 Safari/537.36"
162.142.125.38 - - [07/Mar/2021:15:18:08 +0000] "GET / HTTP/1.1" 200 18175 "-" "-"
162.142.125.38 - - [07/Mar/2021:15:18:08 +0000] "GET / HTTP/1.1" 202 19085 "-" "Mozilla/5.0 (compatible; CensysInspect/1.1; +https://about.censys.io/)"
54.36.148.105 - - [07/Mar/2021:15:21:22 +0000] "GET /robots.txt HTTP/1.1" 200 36 "-" "Mozilla/5.0 (compatible; AhrefsBot/6.1; +http://ahrefs.com/robot/)"
54.36.149.2 - - [07/Mar/2021:15:21:23 +0000] "GET /About HTTP/1.1" 202 11465 "-" "Mozilla/5.0 (compatible; AhrefsBot/7.0; +http://ahrefs.com/robot/)"
34.217.191.4 - - [07/Mar/2021:15:22:30 +0000] "GET /.env HTTP/1.1" 404 9036 "-" "Mozilla/5.0 (X11; Linux x86_64) AppleWebKit/537.36 (KHTML, like Gecko) Chrome/81.0.4044.129 Safari/537.36"
34.217.191.4 - - [07/Mar/2021:15:22:30 +0000] "POST / HTTP/1.1" 202 922 "-" "Mozilla/5.0 (X11; Linux x86_64) AppleWebKit/537.36 (KHTML, like Gecko) Chrome/81.0.4044.129 Safari/537.36"
3.140.84.221 - - [07/Mar/2021:15:23:04 +0000] "GET /?webarxts=%201615130584&WEBARX_REFRESH_RULES=f5f824cacbaedfde8c23d569467d9dc5ee7ce7ba&WEBARX-UPDATE-FIREWALL-RULES=f5f824cacbaedfde8c23d569467d9dc5ee7ce7ba HTTP/1.1" 202 943 "-" "Mozilla/5.0 (Windows NT 10.0; Win64; x64; rv:84.0) Gecko/20100101 Firefox/84.0"
3.140.84.221 - - [07/Mar/2021:15:23:06 +0000] "GET /?webarxts=%201615130585&WEBARX_REFRESH_RULES=f5f824cacbaedfde8c23d569467d9dc5ee7ce7ba&WEBARX-UPDATE-FIREWALL-RULES=f5f824cacbaedfde8c23d569467d9dc5ee7ce7ba HTTP/1.1" 202 943 "-" "Mozilla/5.0 (Windows NT 10.0; Win64; x64; rv:84.0) Gecko/20100101 Firefox/84.0"
3.140.84.221 - - [07/Mar/2021:15:45:01 +0000] "GET /?webarxts=%201615131901&WEBARX-UPLOAD-LOGS=f5f824cacbaedfde8c23d569467d9dc5ee7ce7ba&WEBARX_REFRESH_RULES=f5f824cacbaedfde8c23d569467d9dc5ee7ce7ba HTTP/1.1" 202 944 "-" "Mozilla/5.0 (Windows NT 10.0; Win64; x64; rv:84.0) Gecko/20100101 Firefox/84.0"
3.140.84.221 - - [07/Mar/2021:15:45:02 +0000] "GET /?webarxts=%201615131902&WEBARX-UPLOAD-LOGS=f5f824cacbaedfde8c23d569467d9dc5ee7ce7ba&WEBARX_REFRESH_RULES=f5f824cacbaedfde8c23d569467d9dc5ee7ce7ba HTTP/1.1" 202 941 "-" "Mozilla/5.0 (Windows NT 10.0; Win64; x64; rv:84.0) Gecko/20100101 Firefox/84.0"
52.168.173.235 - - [07/Mar/2021:15:51:22 +0000] "GET /.env HTTP/1.1" 404 9035 "-" "Mozilla/5.0 (X11; Linux x86_64) AppleWebKit/537.36 (KHTML, like Gecko) Chrome/81.0.4044.129 Safari/537.36"
52.168.173.235 - - [07/Mar/2021:15:51:22 +0000] "POST / HTTP/1.1" 202 924 "-" "Mozilla/5.0 (X11; Linux x86_64) AppleWebKit/537.36 (KHTML, like Gecko) Chrome/81.0.4044.129 Safari/537.36"
54.213.205.144 - - [07/Mar/2021:15:51:24 +0000] "POST /botmatch/_doc HTTP/1.1" 200 31 "-" "BitFire WAF https://bitslip6.com/user_agent"
185.172.110.204 - - [07/Mar/2021:15:51:24 +0000] "GET /muieblackcat HTTP/1.1" 404 8566 "-" "-"
185.172.110.204 - - [07/Mar/2021:15:51:25 +0000] "GET //phpMyAdmin/scripts/setup.php HTTP/1.1" 404 47 "-" "-"
185.172.110.204 - - [07/Mar/2021:15:51:25 +0000] "GET //phpmyadmin/scripts/setup.php HTTP/1.1" 404 47 "-" "-"
185.172.110.204 - - [07/Mar/2021:15:51:25 +0000] "GET //PMA/scripts/setup.php HTTP/1.1" 404 47 "-" "-"
185.172.110.204 - - [07/Mar/2021:15:51:25 +0000] "GET //admin/scripts/setup.php HTTP/1.1" 404 47 "-" "-"
185.172.110.204 - - [07/Mar/2021:15:51:26 +0000] "GET //dbadmin/scripts/setup.php HTTP/1.1" 404 47 "-" "-"
185.172.110.204 - - [07/Mar/2021:15:51:26 +0000] "GET //mysql/scripts/setup.php HTTP/1.1" 404 47 "-" "-"
185.172.110.204 - - [07/Mar/2021:15:51:26 +0000] "GET //webdav/wickd.php HTTP/1.1" 404 47 "-" "-"
51.89.201.50 - - [07/Mar/2021:15:56:11 +0000] "GET /.env HTTP/1.1" 404 9035 "-" "Mozilla/5.0 (X11; Linux x86_64) AppleWebKit/537.36 (KHTML, like Gecko) Chrome/81.0.4044.129 Safari/537.36"
51.89.201.50 - - [07/Mar/2021:15:56:11 +0000] "POST / HTTP/1.1" 202 923 "-" "Mozilla/5.0 (X11; Linux x86_64) AppleWebKit/537.36 (KHTML, like Gecko) Chrome/81.0.4044.129 Safari/537.36"
51.89.201.50 - - [07/Mar/2021:15:56:11 +0000] "GET /.env HTTP/1.1" 404 9036 "-" "Mozilla/5.0 (X11; Linux x86_64) AppleWebKit/537.36 (KHTML, like Gecko) Chrome/81.0.4044.129 Safari/537.36"
51.89.201.50 - - [07/Mar/2021:15:56:11 +0000] "POST / HTTP/1.1" 202 924 "-" "Mozilla/5.0 (X11; Linux x86_64) AppleWebKit/537.36 (KHTML, like Gecko) Chrome/81.0.4044.129 Safari/537.36"
209.141.60.60 - - [07/Mar/2021:16:01:46 +0000] "GET /config/getuser?index=0 HTTP/1.1" 400 280 "-" "Mozilla/5.0 (X11; Ubuntu; Linux x86_64; rv:76.0) Gecko/20100101 Firefox/76.0"
185.191.171.38 - - [07/Mar/2021:16:12:15 +0000] "GET /robots.txt HTTP/1.1" 200 36 "-" "Mozilla/5.0 (compatible; SemrushBot/7~bl; +http://www.semrush.com/bot.html)"
185.191.171.39 - - [07/Mar/2021:16:12:15 +0000] "GET /resetpassword HTTP/1.1" 202 9779 "-" "Mozilla/5.0 (compatible; SemrushBot/7~bl; +http://www.semrush.com/bot.html)"
3.140.84.221 - - [07/Mar/2021:16:23:21 +0000] "GET /?webarxts=%201615134200&WEBARX_REFRESH_RULES=f5f824cacbaedfde8c23d569467d9dc5ee7ce7ba&WEBARX-UPDATE-FIREWALL-RULES=f5f824cacbaedfde8c23d569467d9dc5ee7ce7ba HTTP/1.1" 202 943 "-" "Mozilla/5.0 (Windows NT 10.0; Win64; x64; rv:84.0) Gecko/20100101 Firefox/84.0"
3.140.84.221 - - [07/Mar/2021:16:23:22 +0000] "GET /?webarxts=%201615134201&WEBARX_REFRESH_RULES=f5f824cacbaedfde8c23d569467d9dc5ee7ce7ba&WEBARX-UPDATE-FIREWALL-RULES=f5f824cacbaedfde8c23d569467d9dc5ee7ce7ba HTTP/1.1" 202 944 "-" "Mozilla/5.0 (Windows NT 10.0; Win64; x64; rv:84.0) Gecko/20100101 Firefox/84.0"
74.108.1.147 - - [07/Mar/2021:16:26:30 +0000] "GET / HTTP/1.1" 200 18175 "-" "-"
104.244.73.130 - - [07/Mar/2021:16:34:28 +0000] "GET / HTTP/1.1" 202 19085 "-" "Mozilla/5.0"
217.160.175.141 - - [07/Mar/2021:16:37:39 +0000] "GET /.env HTTP/1.1" 404 9035 "-" "Mozilla/5.0 (X11; Linux x86_64) AppleWebKit/537.36 (KHTML, like Gecko) Chrome/81.0.4044.129 Safari/537.36"
217.160.175.141 - - [07/Mar/2021:16:37:40 +0000] "POST / HTTP/1.1" 202 923 "-" "Mozilla/5.0 (X11; Linux x86_64) AppleWebKit/537.36 (KHTML, like Gecko) Chrome/81.0.4044.129 Safari/537.36"
3.140.84.221 - - [07/Mar/2021:16:45:01 +0000] "GET /?webarxts=%201615135500&WEBARX-UPLOAD-LOGS=f5f824cacbaedfde8c23d569467d9dc5ee7ce7ba&WEBARX_REFRESH_RULES=f5f824cacbaedfde8c23d569467d9dc5ee7ce7ba HTTP/1.1" 202 944 "-" "Mozilla/5.0 (Windows NT 10.0; Win64; x64; rv:84.0) Gecko/20100101 Firefox/84.0"
3.140.84.221 - - [07/Mar/2021:16:45:01 +0000] "GET /?webarxts=%201615135501&WEBARX-UPLOAD-LOGS=f5f824cacbaedfde8c23d569467d9dc5ee7ce7ba&WEBARX_REFRESH_RULES=f5f824cacbaedfde8c23d569467d9dc5ee7ce7ba HTTP/1.1" 202 942 "-" "Mozilla/5.0 (Windows NT 10.0; Win64; x64; rv:84.0) Gecko/20100101 Firefox/84.0"
18.222.191.77 - - [07/Mar/2021:16:45:18 +0000] "GET / HTTP/1.1" 202 19087 "-" "Mozilla/5.0 (Windows NT 10.0; Win64; x64) AppleWebKit/537.36 (KHTML, like Gecko) Chrome/83.0.4103.97 Safari/537.36"
205.185.122.102 - - [07/Mar/2021:16:50:25 +0000] "GET /config/getuser?index=0 HTTP/1.1" 404 9047 "-" "Mozilla/5.0 (X11; Ubuntu; Linux x86_64; rv:76.0) Gecko/20100101 Firefox/76.0"
45.155.205.225 - - [07/Mar/2021:16:54:42 +0000] "POST /api/jsonws/invoke HTTP/1.1" 404 47 "-" "Mozilla/5.0 (Windows NT 10.0; Win64; x64) AppleWebKit/537.36 (KHTML, like Gecko) Chrome/78.0.3904.108 Safari/537.36"
45.155.205.225 - - [07/Mar/2021:16:54:47 +0000] "POST /vendor/phpunit/phpunit/src/Util/PHP/eval-stdin.php HTTP/1.1" 404 47 "-" "Mozilla/5.0 (Windows NT 10.0; Win64; x64) AppleWebKit/537.36 (KHTML, like Gecko) Chrome/78.0.3904.108 Safari/537.36"
45.155.205.225 - - [07/Mar/2021:16:54:50 +0000] "GET /vendor/phpunit/phpunit/src/Util/PHP/eval-stdin.php HTTP/1.1" 404 47 "-" "Mozilla/5.0 (Windows NT 10.0; Win64; x64) AppleWebKit/537.36 (KHTML, like Gecko) Chrome/78.0.3904.108 Safari/537.36"
45.155.205.225 - - [07/Mar/2021:16:54:52 +0000] "GET /index.php?s=/Index/\x5Cthink\x5Capp/invokefunction&function=call_user_func_array&vars[0]=md5&vars[1][]=HelloThinkPHP21 HTTP/1.1" 404 47 "-" "Mozilla/5.0 (Windows NT 10.0; Win64; x64) AppleWebKit/537.36 (KHTML, like Gecko) Chrome/78.0.3904.108 Safari/537.36"
45.155.205.225 - - [07/Mar/2021:16:54:52 +0000] "GET /?XDEBUG_SESSION_START=phpstorm HTTP/1.1" 202 19118 "-" "Mozilla/5.0 (Windows NT 10.0; Win64; x64) AppleWebKit/537.36 (KHTML, like Gecko) Chrome/78.0.3904.108 Safari/537.36"
45.155.205.225 - - [07/Mar/2021:16:54:55 +0000] "GET /wp-content/plugins/wp-file-manager/readme.txt HTTP/1.1" 404 9063 "-" "Mozilla/5.0 (Windows NT 10.0; Win64; x64) AppleWebKit/537.36 (KHTML, like Gecko) Chrome/78.0.3904.108 Safari/537.36"
45.155.205.225 - - [07/Mar/2021:16:54:58 +0000] "POST /mifs/.;/services/LogService HTTP/1.1" 404 9040 "https://54.213.205.144:443" "Mozilla/5.0 (Windows NT 10.0; Win64; x64) AppleWebKit/537.36 (KHTML, like Gecko) Chrome/78.0.3904.108 Safari/537.36"
45.155.205.225 - - [07/Mar/2021:16:54:59 +0000] "GET /console/ HTTP/1.1" 404 9037 "-" "Mozilla/5.0 (Windows NT 10.0; Win64; x64) AppleWebKit/537.36 (KHTML, like Gecko) Chrome/78.0.3904.108 Safari/537.36"
45.155.205.225 - - [07/Mar/2021:16:55:02 +0000] "POST /Autodiscover/Autodiscover.xml HTTP/1.1" 404 9048 "-" "Mozilla/5.0 (Windows NT 10.0; Win64; x64) AppleWebKit/537.36 (KHTML, like Gecko) Chrome/78.0.3904.108 Safari/537.36"
13.66.139.25 - - [07/Mar/2021:17:04:09 +0000] "GET / HTTP/1.1" 202 19085 "-" "Mozilla/5.0 (compatible; bingbot/2.0; +http://www.bing.com/bingbot.htm)"
18.222.191.77 - - [07/Mar/2021:17:06:06 +0000] "GET / HTTP/1.1" 202 19085 "-" "Mozilla/5.0 (Windows NT 10.0; Win64; x64) AppleWebKit/537.36 (KHTML, like Gecko) Chrome/83.0.4103.97 Safari/537.36"
198.27.67.87 - - [07/Mar/2021:17:10:41 +0000] "GET /wp-login.php HTTP/1.1" 404 47 "-" "Mozilla/5.0(Windows NT 6.3; Win64; x64; rv:84.0) Gecko/20100101 Firefox/84.0"
160.119.100.67 - - [07/Mar/2021:17:16:27 +0000] "GET /wp-login.php HTTP/1.1" 404 47 "-" "Mozilla/5.0(Windows NT 6.3; Win64; x64; rv:84.0) Gecko/20100101 Firefox/84.0"
